INFO:hello_agents.memory.storage.qdrant_store:✅ 成功连接到Qdrant云服务: https://e346a08a-253a-4cd5-93f1-58bba0984332.sa-east-1-0.aws.cloud.qdrant.io:6333
INFO:hello_agents.memory.storage.qdrant_store:✅ 使用现有Qdrant集合: hello_agents_vectors
INFO:services.tool_events:Tool call recorded: agent=研究规划专家 tool=note task_id=1 note_id=note_20260428_142640_145 parsed_parameters={'action': 'create', 'task_id': 1, 'title': '任务1: 基础架构演进', 'note_type': 'task_state', 'tags': ['deep_research', 'task_1'], 'content': '研究近年来CNN骨干网络设计创新，例如ConvNeXt、RepVGG、ReplK等'}
INFO:services.tool_events:Tool call recorded: agent=研究规划专家 tool=note task_id=2 note_id=note_20260428_142640_146 parsed_parameters={'action': 'create', 'task_id': 2, 'title': '任务2: 注意力与融合', 'note_type': 'task_state', 'tags': ['deep_research', 'task_2'], 'content': '探索注意力机制、Transformer与CNN结合的最新方法，如CBAM、SE-Net、ViT融合'}
INFO:services.tool_events:Tool call recorded: agent=研究规划专家 tool=note task_id=3 note_id=note_20260428_142640_147 parsed_parameters={'action': 'create', 'task_id': 3, 'title': '任务3: 训练与优化', 'note_type': 'task_state', 'tags': ['deep_research', 'task_3'], 'content': '最新的训练技巧（数据增强、学习率调度、归一化）及模型压缩（剪枝、量化、蒸馏）'}
INFO:services.tool_events:Tool call recorded: agent=研究规划专家 tool=note task_id=4 note_id=note_20260428_142640_148 parsed_parameters={'action': 'create', 'task_id': 4, 'title': '任务4: 应用前沿', 'note_type': 'task_state', 'tags': ['deep_research', 'task_4'], 'content': 'CNN在目标检测、图像分割、图像生成等核心视觉任务中的最新应用创新'}
INFO:services.tool_events:Tool call recorded: agent=研究规划专家 tool=note task_id=5 note_id=note_20260428_142640_149 parsed_parameters={'action': 'create', 'task_id': 5, 'title': '任务5: 理论分析', 'note_type': 'task_state', 'tags': ['deep_research', 'task_5'], 'content': '深度、宽度、核大小等超参数对CNN性能影响的最近理论解释与实证研究'}
INFO:services.planner:Planner raw output (truncated): {
  "tasks": [
    {
      "title": "基础架构演进",
      "intent": "梳理2024-2026年间CNN骨干网络的设计创新，如ConvNeXt、RepVGG、ReplK等新模块或结构，理解架构演进趋势。",
      "query": "convolutional neural network backbone architecture 2024 2025 2026 ConvNeXt RepVGG ReplK"
    },
    {
      "title": "注意力与融合",
      "intent": "探索注意力机制、Transformer与CNN结合的最新方法（如CBAM、SE-Net、ViT-CNN混合模型），分析如何提升表示能力。",
      "query": "CNN attention mechanism transformer hybrid 2025 2026 CBAM SE-Net ConvNeXt"
    },
    {
      "title": "训练与优化",
      "int
INFO:services.planner:Planner produced 5 tasks: ['基础架构演进', '注意力与融合', '训练与优化', '应用前沿', '理论分析']
INFO:agent:真的运行到了这里
INFO:services.search:Search backend=tavily resolved_backend=tavily answer=False results=5
--- Logging error ---
Traceback (most recent call last):
  File "D:\miniconda3\envs\llms\lib\logging\__init__.py", line 1100, in emit
    msg = self.format(record)
  File "D:\miniconda3\envs\llms\lib\logging\__init__.py", line 943, in format
    return fmt.format(record)
  File "D:\miniconda3\envs\llms\lib\logging\__init__.py", line 678, in format
    record.message = record.getMessage()
  File "D:\miniconda3\envs\llms\lib\logging\__init__.py", line 368, in getMessage
    msg = msg % self.args
TypeError: not enough arguments for format string
Call stack:
  File "D:\pythonscript\pythonProject\hello-agents-main\code\chapter14\helloagents-deepresearch\backend\src\test_run.py", line 25, in <module>
    main()
  File "D:\pythonscript\pythonProject\hello-agents-main\code\chapter14\helloagents-deepresearch\backend\src\test_run.py", line 18, in main
    report = researcher.run(topic=topic)
  File "D:\pythonscript\pythonProject\hello-agents-main\code\chapter14\helloagents-deepresearch\backend\src\agent.py", line 167, in run
    for _ in self._execute_task(state, task, emit_stream=False):
  File "D:\pythonscript\pythonProject\hello-agents-main\code\chapter14\helloagents-deepresearch\backend\src\agent.py", line 483, in _execute_task
    summary_text = self.summarizer.summarize_task(state, task, context)
  File "D:\pythonscript\pythonProject\hello-agents-main\code\chapter14\helloagents-deepresearch\backend\src\services\summarizer.py", line 258, in summarize_task
    optimized_context = self._optimize_context(task, context, state)
  File "D:\pythonscript\pythonProject\hello-agents-main\code\chapter14\helloagents-deepresearch\backend\src\services\summarizer.py", line 74, in _optimize_context
    logger.info(
Message: "[RAG Compression] 正在为任务 '%s' 进行RAG召回压缩，目标保留60%..."
Arguments: ('基础架构演进',)
INFO:services.summarizer:[RAG Compression] 原始token数=7720, 目标token数=4632 (60%)
INFO:hello_agents.memory.storage.qdrant_store:✅ 成功连接到Qdrant云服务: https://e346a08a-253a-4cd5-93f1-58bba0984332.sa-east-1-0.aws.cloud.qdrant.io:6333
INFO:hello_agents.memory.storage.qdrant_store:✅ 使用现有Qdrant集合: hello_agents_vectors
INFO:hello_agents.memory.storage.qdrant_store:[Qdrant] add_vectors start: n_vectors=4 n_meta=4 collection=hello_agents_vectors
INFO:hello_agents.memory.storage.qdrant_store:[Qdrant] upsert begin: points=4
INFO:hello_agents.memory.storage.qdrant_store:[Qdrant] upsert done
INFO:hello_agents.memory.storage.qdrant_store:✅ 成功添加 4 个向量到Qdrant
INFO:services.summarizer:[RAG Compression] 添加文档到RAG，分块数=4
INFO:services.summarizer:[RAG Compression] 估计原始chunks数=9, 目标召回limit=8
INFO:services.summarizer:[RAG Compression] 压缩完成: 7720 -> 8086 tokens (保留104.7%)
INFO:services.tool_events:Tool call recorded: agent=任务总结专家 tool=note task_id=None note_id=note_20260428_142640_145 parsed_parameters={'action': 'read', 'note_id': 'note_20260428_142640_145'}
INFO:agent:真的运行到了这里
INFO:services.search:Search backend=tavily resolved_backend=tavily answer=False results=5
--- Logging error ---
Traceback (most recent call last):
  File "D:\miniconda3\envs\llms\lib\logging\__init__.py", line 1100, in emit
    msg = self.format(record)
  File "D:\miniconda3\envs\llms\lib\logging\__init__.py", line 943, in format
    return fmt.format(record)
  File "D:\miniconda3\envs\llms\lib\logging\__init__.py", line 678, in format
    record.message = record.getMessage()
  File "D:\miniconda3\envs\llms\lib\logging\__init__.py", line 368, in getMessage
    msg = msg % self.args
TypeError: not enough arguments for format string
Call stack:
  File "D:\pythonscript\pythonProject\hello-agents-main\code\chapter14\helloagents-deepresearch\backend\src\test_run.py", line 25, in <module>
    main()
  File "D:\pythonscript\pythonProject\hello-agents-main\code\chapter14\helloagents-deepresearch\backend\src\test_run.py", line 18, in main
    report = researcher.run(topic=topic)
  File "D:\pythonscript\pythonProject\hello-agents-main\code\chapter14\helloagents-deepresearch\backend\src\agent.py", line 167, in run
    for _ in self._execute_task(state, task, emit_stream=False):
  File "D:\pythonscript\pythonProject\hello-agents-main\code\chapter14\helloagents-deepresearch\backend\src\agent.py", line 483, in _execute_task
    summary_text = self.summarizer.summarize_task(state, task, context)
  File "D:\pythonscript\pythonProject\hello-agents-main\code\chapter14\helloagents-deepresearch\backend\src\services\summarizer.py", line 258, in summarize_task
    optimized_context = self._optimize_context(task, context, state)
  File "D:\pythonscript\pythonProject\hello-agents-main\code\chapter14\helloagents-deepresearch\backend\src\services\summarizer.py", line 74, in _optimize_context
    logger.info(
Message: "[RAG Compression] 正在为任务 '%s' 进行RAG召回压缩，目标保留60%..."
Arguments: ('注意力与融合',)
INFO:services.summarizer:[RAG Compression] 原始token数=7977, 目标token数=4786 (60%)
INFO:hello_agents.memory.storage.qdrant_store:✅ 成功连接到Qdrant云服务: https://e346a08a-253a-4cd5-93f1-58bba0984332.sa-east-1-0.aws.cloud.qdrant.io:6333
INFO:hello_agents.memory.storage.qdrant_store:✅ 使用现有Qdrant集合: hello_agents_vectors
INFO:hello_agents.memory.storage.qdrant_store:[Qdrant] add_vectors start: n_vectors=5 n_meta=5 collection=hello_agents_vectors
INFO:hello_agents.memory.storage.qdrant_store:[Qdrant] upsert begin: points=5
INFO:hello_agents.memory.storage.qdrant_store:[Qdrant] upsert done
INFO:hello_agents.memory.storage.qdrant_store:✅ 成功添加 5 个向量到Qdrant
INFO:services.summarizer:[RAG Compression] 添加文档到RAG，分块数=5
INFO:services.summarizer:[RAG Compression] 估计原始chunks数=9, 目标召回limit=8
INFO:services.summarizer:[RAG Compression] 压缩完成: 7977 -> 8572 tokens (保留107.5%)
INFO:services.tool_events:Tool call recorded: agent=任务总结专家 tool=note task_id=None note_id=note_20260428_142640_146 parsed_parameters={'action': 'read', 'note_id': 'note_20260428_142640_146'}
INFO:agent:真的运行到了这里
INFO:services.search:Search backend=tavily resolved_backend=tavily answer=False results=5
--- Logging error ---
Traceback (most recent call last):
  File "D:\miniconda3\envs\llms\lib\logging\__init__.py", line 1100, in emit
    msg = self.format(record)
  File "D:\miniconda3\envs\llms\lib\logging\__init__.py", line 943, in format
    return fmt.format(record)
  File "D:\miniconda3\envs\llms\lib\logging\__init__.py", line 678, in format
    record.message = record.getMessage()
  File "D:\miniconda3\envs\llms\lib\logging\__init__.py", line 368, in getMessage
    msg = msg % self.args
TypeError: not enough arguments for format string
Call stack:
  File "D:\pythonscript\pythonProject\hello-agents-main\code\chapter14\helloagents-deepresearch\backend\src\test_run.py", line 25, in <module>
    main()
  File "D:\pythonscript\pythonProject\hello-agents-main\code\chapter14\helloagents-deepresearch\backend\src\test_run.py", line 18, in main
    report = researcher.run(topic=topic)
  File "D:\pythonscript\pythonProject\hello-agents-main\code\chapter14\helloagents-deepresearch\backend\src\agent.py", line 167, in run
    for _ in self._execute_task(state, task, emit_stream=False):
  File "D:\pythonscript\pythonProject\hello-agents-main\code\chapter14\helloagents-deepresearch\backend\src\agent.py", line 483, in _execute_task
    summary_text = self.summarizer.summarize_task(state, task, context)
  File "D:\pythonscript\pythonProject\hello-agents-main\code\chapter14\helloagents-deepresearch\backend\src\services\summarizer.py", line 258, in summarize_task
    optimized_context = self._optimize_context(task, context, state)
  File "D:\pythonscript\pythonProject\hello-agents-main\code\chapter14\helloagents-deepresearch\backend\src\services\summarizer.py", line 74, in _optimize_context
    logger.info(
Message: "[RAG Compression] 正在为任务 '%s' 进行RAG召回压缩，目标保留60%..."
Arguments: ('训练与优化',)
INFO:services.summarizer:[RAG Compression] 原始token数=5994, 目标token数=3596 (60%)
INFO:hello_agents.memory.storage.qdrant_store:✅ 成功连接到Qdrant云服务: https://e346a08a-253a-4cd5-93f1-58bba0984332.sa-east-1-0.aws.cloud.qdrant.io:6333
ERROR:hello_agents.memory.storage.qdrant_store:❌ Qdrant连接失败: [SSL: UNEXPECTED_EOF_WHILE_READING] EOF occurred in violation of protocol (_ssl.c:1017)
INFO:hello_agents.memory.storage.qdrant_store:💡 请检查URL和API密钥是否正确
WARNING:services.summarizer:RAG compression failed for task 3: [SSL: UNEXPECTED_EOF_WHILE_READING] EOF occurred in violation of protocol (_ssl.c:1017), falling back to truncation
INFO:services.tool_events:Tool call recorded: agent=任务总结专家 tool=note task_id=None note_id=note_20260428_142640_147 parsed_parameters={'action': 'read', 'note_id': 'note_20260428_142640_147'}
INFO:agent:真的运行到了这里
INFO:services.search:Search backend=tavily resolved_backend=tavily answer=False results=5
--- Logging error ---
Traceback (most recent call last):
  File "D:\miniconda3\envs\llms\lib\logging\__init__.py", line 1100, in emit
    msg = self.format(record)
  File "D:\miniconda3\envs\llms\lib\logging\__init__.py", line 943, in format
    return fmt.format(record)
  File "D:\miniconda3\envs\llms\lib\logging\__init__.py", line 678, in format
    record.message = record.getMessage()
  File "D:\miniconda3\envs\llms\lib\logging\__init__.py", line 368, in getMessage
    msg = msg % self.args
TypeError: not enough arguments for format string
Call stack:
  File "D:\pythonscript\pythonProject\hello-agents-main\code\chapter14\helloagents-deepresearch\backend\src\test_run.py", line 25, in <module>
    main()
  File "D:\pythonscript\pythonProject\hello-agents-main\code\chapter14\helloagents-deepresearch\backend\src\test_run.py", line 18, in main
    report = researcher.run(topic=topic)
  File "D:\pythonscript\pythonProject\hello-agents-main\code\chapter14\helloagents-deepresearch\backend\src\agent.py", line 167, in run
    for _ in self._execute_task(state, task, emit_stream=False):
  File "D:\pythonscript\pythonProject\hello-agents-main\code\chapter14\helloagents-deepresearch\backend\src\agent.py", line 483, in _execute_task
    summary_text = self.summarizer.summarize_task(state, task, context)
  File "D:\pythonscript\pythonProject\hello-agents-main\code\chapter14\helloagents-deepresearch\backend\src\services\summarizer.py", line 258, in summarize_task
    optimized_context = self._optimize_context(task, context, state)
  File "D:\pythonscript\pythonProject\hello-agents-main\code\chapter14\helloagents-deepresearch\backend\src\services\summarizer.py", line 74, in _optimize_context
    logger.info(
Message: "[RAG Compression] 正在为任务 '%s' 进行RAG召回压缩，目标保留60%..."
Arguments: ('应用前沿',)
INFO:services.summarizer:[RAG Compression] 原始token数=11973, 目标token数=7183 (60%)
INFO:hello_agents.memory.storage.qdrant_store:✅ 成功连接到Qdrant云服务: https://e346a08a-253a-4cd5-93f1-58bba0984332.sa-east-1-0.aws.cloud.qdrant.io:6333
INFO:hello_agents.memory.storage.qdrant_store:✅ 使用现有Qdrant集合: hello_agents_vectors
INFO:hello_agents.memory.storage.qdrant_store:[Qdrant] add_vectors start: n_vectors=5 n_meta=5 collection=hello_agents_vectors
INFO:hello_agents.memory.storage.qdrant_store:[Qdrant] upsert begin: points=5
INFO:hello_agents.memory.storage.qdrant_store:[Qdrant] upsert done
INFO:hello_agents.memory.storage.qdrant_store:✅ 成功添加 5 个向量到Qdrant
INFO:services.summarizer:[RAG Compression] 添加文档到RAG，分块数=5
INFO:services.summarizer:[RAG Compression] 估计原始chunks数=14, 目标召回limit=9
INFO:services.summarizer:[RAG Compression] 压缩完成: 11973 -> 13267 tokens (保留110.8%)
INFO:agent:真的运行到了这里
INFO:services.search:Search backend=tavily resolved_backend=tavily answer=False results=5
--- Logging error ---
Traceback (most recent call last):
  File "D:\miniconda3\envs\llms\lib\logging\__init__.py", line 1100, in emit
    msg = self.format(record)
  File "D:\miniconda3\envs\llms\lib\logging\__init__.py", line 943, in format
    return fmt.format(record)
  File "D:\miniconda3\envs\llms\lib\logging\__init__.py", line 678, in format
    record.message = record.getMessage()
  File "D:\miniconda3\envs\llms\lib\logging\__init__.py", line 368, in getMessage
    msg = msg % self.args
TypeError: not enough arguments for format string
Call stack:
  File "D:\pythonscript\pythonProject\hello-agents-main\code\chapter14\helloagents-deepresearch\backend\src\test_run.py", line 25, in <module>
    main()
  File "D:\pythonscript\pythonProject\hello-agents-main\code\chapter14\helloagents-deepresearch\backend\src\test_run.py", line 18, in main
    report = researcher.run(topic=topic)
  File "D:\pythonscript\pythonProject\hello-agents-main\code\chapter14\helloagents-deepresearch\backend\src\agent.py", line 167, in run
    for _ in self._execute_task(state, task, emit_stream=False):
  File "D:\pythonscript\pythonProject\hello-agents-main\code\chapter14\helloagents-deepresearch\backend\src\agent.py", line 483, in _execute_task
    summary_text = self.summarizer.summarize_task(state, task, context)
  File "D:\pythonscript\pythonProject\hello-agents-main\code\chapter14\helloagents-deepresearch\backend\src\services\summarizer.py", line 258, in summarize_task
    optimized_context = self._optimize_context(task, context, state)
  File "D:\pythonscript\pythonProject\hello-agents-main\code\chapter14\helloagents-deepresearch\backend\src\services\summarizer.py", line 74, in _optimize_context
    logger.info(
Message: "[RAG Compression] 正在为任务 '%s' 进行RAG召回压缩，目标保留60%..."
Arguments: ('理论分析',)
INFO:services.summarizer:[RAG Compression] 原始token数=7689, 目标token数=4613 (60%)
INFO:hello_agents.memory.storage.qdrant_store:✅ 成功连接到Qdrant云服务: https://e346a08a-253a-4cd5-93f1-58bba0984332.sa-east-1-0.aws.cloud.qdrant.io:6333
INFO:hello_agents.memory.storage.qdrant_store:✅ 使用现有Qdrant集合: hello_agents_vectors
INFO:hello_agents.memory.storage.qdrant_store:[Qdrant] add_vectors start: n_vectors=5 n_meta=5 collection=hello_agents_vectors
INFO:hello_agents.memory.storage.qdrant_store:[Qdrant] upsert begin: points=5
INFO:hello_agents.memory.storage.qdrant_store:[Qdrant] upsert done
INFO:hello_agents.memory.storage.qdrant_store:✅ 成功添加 5 个向量到Qdrant
INFO:services.summarizer:[RAG Compression] 添加文档到RAG，分块数=5
INFO:services.summarizer:[RAG Compression] 估计原始chunks数=9, 目标召回limit=8
ERROR:hello_agents.memory.storage.qdrant_store:❌ 向量搜索失败: [SSL: UNEXPECTED_EOF_WHILE_READING] EOF occurred in violation of protocol (_ssl.c:1017)
INFO:services.summarizer:[RAG Compression] 压缩完成: 7689 -> 7885 tokens (保留102.5%)
INFO:services.tool_events:Tool call recorded: agent=任务总结专家 tool=note task_id=None note_id=note_20260428_142640_149 parsed_parameters={'action': 'read', 'note_id': 'note_20260428_142640_149'}
INFO:services.tool_events:Tool call recorded: agent=任务总结专家 tool=note task_id=5 note_id=note_20260428_142640_149 parsed_parameters={'action': 'update', 'note_id': 'note_20260428_142640_149', 'task_id': 5, 'title': '任务 5: 理论分析', 'note_type': 'task_state', 'tags': ['deep_research', 'task_5'], 'content': '## 深度、宽度、核大小等超参数对CNN性能影响的最近理论解释与实证研究\n\n### 原有内容（初始概要）\n深度、宽度、核大小等超参数对CNN性能影响的最近理论解释与实证研究\n\n### 新增分析（2026年4月28日更新）\n\n基于多篇2024–2025年最新文献，梳理出以下四条关键发现：\n\n1. **核大小与参数缩减策略的非线性交互**\n   - 来源：Kernel Transposition 方法（J. Electrical Syst. Inf. Technol., 2025）\n   - 原理：通过将卷积核与其转置在序列或并行模块中重用，大幅减少可训练参数（≥78%）和FLOPs（≥84%）。\n   - 发现：核大小 k 的影响显著——小核（k=3）在基础CNN上精度下降<4%但参数节省>88%；大核（k=7,11,19）在ConvNext、ResNet-56上精度持平甚至更优。\n   - 价值：揭示了核尺寸与参数压缩能力之间的权衡，为资源受限场景（移动视觉）提供低成本高性能方案。\n\n2. **特征学习可指数级改善困难任务的缩放定律**\n   - 来源：Bordelon et al., ICLR 2025 Spotlight / J. Stat. Mech. 2025\n   - 原理：构建可解模型，将任务按是否属于初始NTK的RKHS划分为硬/易/超易。对于硬任务，特征学习将缩放指数提升约一倍（如从 -0.5 到 -1）。\n   - 实验验证：MLP拟合幂律傅里叶谱函数、CNN在MNIST/CIFAR上的学习曲线均符合。\n   - 意义：解释了为什么在复杂视觉任务中，可学习特征（而非固定核）能突破计算瓶颈，并给出新的计算最优分配策略（参数与训练时间之间）。\n\n3. **信息瓶颈理论对超参数可扩展性的新洞察**\n   - 来源：IB理论在CNN上的经典工作（arXiv:1911.03722）+ Alemi播客（2025年讨论）\n   - 原理：IB框架下训练过程分为“拟合”和“压缩”两阶段，压缩帮助去除噪声并防止过拟合。\n   - 新进展：Alemi将IB与缩放定律直接挂钩，指出压缩程度对泛化上限有决定性影响，且与深度、宽度共同控制有效容量。\n   - 对比：传统观点认为“深度越多越好”，IB则指出过度深度可能损害压缩效率，需根据数据量调节。\n\n4. **任务困难度决定超参数影响的本质**\n   - 综合上述发现：CNN的性能瓶颈并非单纯由深度/宽度/核大小决定，而取决于任务相对于初始特征空间（NTK RKHS）的难度。\n   - 对硬任务：特征学习（如深层非线性激活）是提升缩放效率的关键，增加深度/宽度比固定核大小更有效。\n   - 对易任务：核方法（线性化模型）或浅层网络已足够，过量参数导致过拟合。\n   - 工程启示：可开发自适应架构（如根据任务硬度动态调整深度/核大小），或利用核转置等参数共享技术同时控制容量。\n\n### 下一步建议\n- 可进一步定量分析不同深度/宽度下特征学习指数变化。\n- 探索IB理论与核转置方法的结合（如压缩阶段参数重用）。'}
INFO:services.tool_events:Tool call recorded: agent=报告撰写专家 tool=note task_id=None note_id=note_20260428_142640_145 parsed_parameters={'action': 'read', 'note_id': 'note_20260428_142640_145'}
INFO:services.tool_events:Tool call recorded: agent=报告撰写专家 tool=note task_id=None note_id=note_20260428_142640_146 parsed_parameters={'action': 'read', 'note_id': 'note_20260428_142640_146'}
INFO:services.tool_events:Tool call recorded: agent=报告撰写专家 tool=note task_id=None note_id=note_20260428_142640_147 parsed_parameters={'action': 'read', 'note_id': 'note_20260428_142640_147'}
INFO:services.tool_events:Tool call recorded: agent=报告撰写专家 tool=note task_id=None note_id=note_20260428_142640_148 parsed_parameters={'action': 'read', 'note_id': 'note_20260428_142640_148'}
INFO:services.tool_events:Tool call recorded: agent=报告撰写专家 tool=note task_id=None note_id=note_20260428_142640_149 parsed_parameters={'action': 'read', 'note_id': 'note_20260428_142640_149'}
INFO:services.evaluator:Evaluation report saved to workspace\evaluation\compression_eval_20260428_143346.json (avg_ratio=0.92, avg_similarity=0.91)
INFO:services.evaluator:Detailed compression records saved to workspace\evaluation\compression_detail_20260428_143346.json
INFO:agent:Compression evaluation report saved to: workspace\evaluation\compression_eval_20260428_143346.json
✅ Tavily 搜索引擎已初始化
⚠️ SERPAPI_API_KEY 未设置
🔧 混合搜索模式已启用，可用后端: tavily
程序启动，当前时间为1777357570.7538087
====== 🚀 深度研究助手启动 ======
✅ 工具 'note' 已注册。
✅ RAG工具初始化成功: namespace=temp_summary, collection=hello_agents_vectors
[RAG] Universal loader start: files=1 chunk_size=800 overlap=100 ns=task_1
[RAG] Processing: ./workspace/temp_dynamic_rag\tmpkv1yr7rf.md
[RAG] Universal loader done: total_chunks=4
[RAG] Embedding start: total_texts=4 batch_size=64
[RAG] Embedding progress: 4/4
[RAG] Qdrant upsert start: n=4
[RAG] Qdrant upsert done: 4 vectors indexed
[RAG] Universal loader start: files=1 chunk_size=800 overlap=100 ns=task_2
[RAG] Processing: ./workspace/temp_dynamic_rag\tmp0qf_p8cm.md
[RAG] Universal loader done: total_chunks=5
[RAG] Embedding start: total_texts=5 batch_size=64
[RAG] Embedding progress: 5/5
[RAG] Qdrant upsert start: n=5
[RAG] Qdrant upsert done: 5 vectors indexed
[RAG] Universal loader start: files=1 chunk_size=800 overlap=100 ns=task_4
[RAG] Processing: ./workspace/temp_dynamic_rag\tmpy063l0sr.md
[RAG] Universal loader done: total_chunks=5
[RAG] Embedding start: total_texts=5 batch_size=64
[RAG] Embedding progress: 5/5
[RAG] Qdrant upsert start: n=5
[RAG] Qdrant upsert done: 5 vectors indexed
[RAG] Universal loader start: files=1 chunk_size=800 overlap=100 ns=task_5
[RAG] Processing: ./workspace/temp_dynamic_rag\tmpmft9v6qh.md
[RAG] Universal loader done: total_chunks=5
[RAG] Embedding start: total_texts=5 batch_size=64
[RAG] Embedding progress: 5/5
[RAG] Qdrant upsert start: n=5
[RAG] Qdrant upsert done: 5 vectors indexed

最终报告:
 SummaryStateOutput(running_summary='# 卷积神经网络最新进展研究报告\n\n## 1. 背景概览\n\n卷积神经网络（CNN）在计算机视觉领域已走过十余年发展历程。2024-2026年间，尽管Transformer和扩散模型等新范式不断涌现，CNN并未被替代，而是以“骨干特征提取器”的角色深度融入混合架构，并在训练优化、理论理解和应用落地三个层面取得突破性进展。本报告整合了基础架构演进、注意力融合、训练优化、应用前沿与理论分析五个维度的最新研究成果，系统梳理了CNN领域的发展脉络与未来趋势。\n\n## 2. 核心洞见\n\n1. **CNN以混合形态全面复苏，精度与效率逼近甚至超越Transformer**（任务1、2、4）\n   ConvNeXt通过系统性现代化改造（Patchify stem、大核深度可分离卷积、反瓶颈设计）证明纯卷积可匹敌Swin Transformer吞吐量高40-50%；同时CNN-Transformer混合模型（ConMatFormer、MangoLeafCMDF-FAMNet）在医学、农业等精细分类任务上达到0.99+准确率。CNN作为骨干与Transformer、注意力机制深度融合已成为2025-2026年的主流范式。\n\n2. **模型压缩形成“先剪枝→再量化→最终蒸馏”的最优流水线**（任务3）\n   结构化剪枝（适配通用硬件）、INT8量化（75%体积压缩且加速显著）、知识蒸馏（暗知识传递）三者按固定顺序组合，被实证为精度-效率权衡最优策略。其中**量化是加速贡献最大的单项技术**，而训练技巧（数据增强、学习率策略）的信息缺口需进一步补充。\n\n3. **理论解析突破：特征学习指数级提升困难任务缩放定律**（任务5）\n   任务难度（是否落入初始NTK的RKHS）是决定CNN超参数效果的根本因素。对于困难任务，特征学习可将缩放指数提升约一倍（如从-0.5到-1.0）；核转置方法可在参数减少≥78%时保持大核精度无损。信息瓶颈理论进一步将压缩效率与泛化上限挂钩，指导深度、宽度、数据量的最优匹配。\n\n4. **目标检测与分割进入后CNN混合时代，扩散模型增强成为新引擎**（任务4）\n   Anchor-Free检测（YOLOv11、DETR、GroundingDINO）和Agentic检测范式简化架构、降低标注依赖；扩散模型在医学影像分割中爆发（170+篇论文），CNN以U-Net骨干形式参与噪声预测；小目标检测通过多尺度特征融合+注意力机制取得显著提升。CNN在边缘部署场景仍占据最佳性价比。\n\n## 3. 证据与数据\n\n### 架构与注意力（任务1、2）\n- ConvNeXt-T（29M参数）在ImageNet上达82.1%，吞吐量比相同FLOPs的Swin Transformer高40-50%（任务1）。\n- RepVGG实现训练时多分支、推理时单路径，ImageNet Top-1达80%+，推理速度超过同量级ResNet（任务1）。\n- ConMatFormer在糖尿病足溃疡分类中达到4折交叉验证准确率0.9755（任务2）。\n- MangoLeafCMDF-FAMNet在三个芒果叶病数据集上分别达0.9978、0.9988、0.9943准确率（任务2）。\n- NVIDIA的CSA（Convolutional Self-Attention）以纯卷积操作模拟全局感受野，在GPU/TensorRT上达到最快延迟（任务2）。\n- CHARMS（1.9M参数、~30 GFLOPs）在MRI超分辨率上超越同期SOTA（任务2）。\n\n### 训练与压缩（任务3）\n- FP32→INT8量化稳定压缩模型约75%，在原生低精度硬件上获得最大加速。\n- 非结构化剪枝在标准CPU/GPU上几乎无延迟收益（需稀疏硬件支持）；结构化剪枝可直接降低层尺寸获得加速。\n- Prune-Quantize-Distill三阶段流水线被arXiv:2604.04988实证为最优顺序：剪枝先减少参数，量化主导延迟加速，蒸馏恢复精度。\n\n### 应用成果（任务4）\n- Ultralytics 2025报告指出Anchor-Free方法已成为前沿目标检测主流，YOLOv8/v11已内建该机制。\n- Diffusion Models in Medical Imaging仓库（2.1k Star）收录170+论文，覆盖病灶分割、器官分割、异常检测。\n- MDPI综述《Advancements in Small-Object Detection (2023–2025)》总结30+篇论文，通过自适应特征金字塔、注意力反卷积等，小目标mAP显著提升。\n\n### 理论进展（任务5）\n- 核转置方法在CIFAR-10/100上测试5种架构：小核（k=3）参数减少>88%、FLOPs减少>84%，精度仅降<4%；大核（k=7,11,19）在ConvNext上精度持平且参数压缩≥78%（任务5）。\n- Bordelon等（ICLR 2025 Spotlight）构建可解缩放模型：特征学习使困难任务缩放指数从-0.5提升至-1.0（任务5）。\n- 信息瓶颈理论（Alemi播客，2025）指出压缩程度决定有效容量上限，深度/宽度/核大小需与数据量匹配（任务5）。\n\n## 4. 风险与挑战\n\n- **训练技巧信息缺口**：任务3中关于数据增强（MixUp、CutMix、AutoAugment）、学习率策略（余弦退火、Warmup-Stable-Decay）、归一化层（RMSNorm、FlashNorm）的最新进展未覆盖，需补充检索。\n- **大核卷积的硬件适配**：深度可分离大核（7×7及以上）虽在理论感受野上有利，但对内存布局敏感，需配合channel last数据排布及算子融合；极端大核（31×31）仍需专用加速库（任务1）。\n- **特征学习缩放定律的通用性**：当前理论证据主要来自MLP和简单CNN（CIFAR-10），在更复杂数据集和大规模模型上的验证尚需进一步实证（任务5）。\n- **Agentic检测的工业化成熟度**：基于推理代理的文本驱动检测（Andrew Ng提出）虽具零样本潜力，但尚未达到生产级精度，对大规模标注数据的依赖仍未根本消除（任务4）。\n- **混合模型参数膨胀风险**：部分CNN-Transformer混合体（如ViT-CNN组合）参数量可达300M+，轻量化方案（如CHARMS）虽有突破，但仍在探索阶段（任务2）。\n\n## 5. 参考来源\n\n**任务1：基础架构演进**\n- ConvNeXt Backbone: Modernizing CNNs : https://www.emergentmind.com/topics/convnext-backbone\n- RepVGG: Making VGG-style ConvNets Great Again (Semantic Scholar) : https://www.semanticscholar.org/paper/RepVGG%3A-Making-VGG-style-ConvNets-Great-Again-Ding-Zhang/2b8088253e2378fce001a090fe923b81e8dedf25\n- [PDF] RepVGG (ResearchGate) : https://www.researchgate.net/publication/355867226_RepVGG_Making_VGG-style_ConvNets_Great_Again\n- 43. ConvNeXt - by Massimiliano Viola : https://mlhonk.substack.com/p/43-convnext\n- State-Of-The-Art CNN Networks (Reddit) : https://www.reddit.com/r/computervision/comments/1cg10zt/stateoftheart_cnn_networks/\n\n**任务2：注意力与融合**\n- CHARMS (PMC) : https://pmc.ncbi.nlm.nih.gov/articles/PMC12845672/\n- MangoLeafCMDF-FAMNet (Frontiers) : https://www.frontiersin.org/journals/plant-science/articles/10.3389/fpls.2025.1638520/full\n- ConMatFormer (arXiv) : https://arxiv.org/html/2510.22743v1\n- SE and CBAM Attention (YouTube) : https://www.youtube.com/watch?v=cw38aJuQBHM\n- CSA (NVIDIA Technical Blog) : https://developer.nvidia.com/blog/emulating-the-attention-mechanism-in-transformer-models-with-a-fully-convolutional-network/\n\n**任务3：训练与优化**\n- Efficient Inference at the Edge (Uplatz) : https://uplatz.com/blog/efficient-inference-at-the-edge-a-comprehensive-analysis-of-quantization-pruning-and-knowledge-distillation-for-on-device-machine-learning/\n- Pruning and Quantization (Medium) : https://medium.com/@matmozaur/neural-network-compression-techniques-part-1-pruning-and-quantization-d10f5654988c\n- Prune-Quantize-Distill (arXiv) : https://arxiv.org/html/2604.04988v1\n- ML Systems Textbook : https://mlsysbook.ai/book/contents/core/optimizations/optimizations.html\n- AI Optimization Lecture 3 (YouTube) : https://www.youtube.com/watch?v=Krcp51UQjbI\n\n**任务4：应用前沿**\n- Top 34 Computer Vision Models For 2026 (Analytics Vidhya) : https://www.analyticsvidhya.com/blog/2025/03/computer-vision-models/\n- Best Object Detection Models 2026 (Ultralytics) : https://www.ultralytics.com/blog/the-best-object-detection-models-of-2025\n- The 2025 Guide to Object Detection & Segmentation (Medium) : https://medium.com/@umar.sadique/the-2025-guide-to-object-detection-segmentation-d1855133387d\n- Awesome-Diffusion-Models-in-Medical-Imaging (GitHub) : https://github.com/amirhossein-kz/Awesome-Diffusion-Models-in-Medical-Imaging\n- Advancements in Small-Object Detection (MDPI) : https://www.mdpi.com/2076-3417/15/22/11882\n\n**任务5：理论分析**\n- The Information Bottleneck and Scaling Laws (播客) : https://www.the-information-bottleneck.com/ep15-the-information-bottleneck-and-scaling-laws-with-alex-alemi/\n- Information Bottleneck Theory on CNN (arXiv) : https://arxiv.org/abs/1911.03722\n- How Feature Learning Can Improve Neural Scaling Laws (OpenReview) : https://openreview.net/forum?id=dEypApI1MZ\n- Bordelon et al. J. Stat. Mech. 2025 (PDF) : https://pehlevan.seas.harvard.edu/sites/g/files/omnuum6471/files/2025-08/Bordelon_etal_JStatMech_2025.pdf\n- Kernel Transposition (Springer) : https://link.springer.com/article/10.1186/s43067-025-00287-w', report_markdown='# 卷积神经网络最新进展研究报告\n\n## 1. 背景概览\n\n卷积神经网络（CNN）在计算机视觉领域已走过十余年发展历程。2024-2026年间，尽管Transformer和扩散模型等新范式不断涌现，CNN并未被替代，而是以“骨干特征提取器”的角色深度融入混合架构，并在训练优化、理论理解和应用落地三个层面取得突破性进展。本报告整合了基础架构演进、注意力融合、训练优化、应用前沿与理论分析五个维度的最新研究成果，系统梳理了CNN领域的发展脉络与未来趋势。\n\n## 2. 核心洞见\n\n1. **CNN以混合形态全面复苏，精度与效率逼近甚至超越Transformer**（任务1、2、4）\n   ConvNeXt通过系统性现代化改造（Patchify stem、大核深度可分离卷积、反瓶颈设计）证明纯卷积可匹敌Swin Transformer吞吐量高40-50%；同时CNN-Transformer混合模型（ConMatFormer、MangoLeafCMDF-FAMNet）在医学、农业等精细分类任务上达到0.99+准确率。CNN作为骨干与Transformer、注意力机制深度融合已成为2025-2026年的主流范式。\n\n2. **模型压缩形成“先剪枝→再量化→最终蒸馏”的最优流水线**（任务3）\n   结构化剪枝（适配通用硬件）、INT8量化（75%体积压缩且加速显著）、知识蒸馏（暗知识传递）三者按固定顺序组合，被实证为精度-效率权衡最优策略。其中**量化是加速贡献最大的单项技术**，而训练技巧（数据增强、学习率策略）的信息缺口需进一步补充。\n\n3. **理论解析突破：特征学习指数级提升困难任务缩放定律**（任务5）\n   任务难度（是否落入初始NTK的RKHS）是决定CNN超参数效果的根本因素。对于困难任务，特征学习可将缩放指数提升约一倍（如从-0.5到-1.0）；核转置方法可在参数减少≥78%时保持大核精度无损。信息瓶颈理论进一步将压缩效率与泛化上限挂钩，指导深度、宽度、数据量的最优匹配。\n\n4. **目标检测与分割进入后CNN混合时代，扩散模型增强成为新引擎**（任务4）\n   Anchor-Free检测（YOLOv11、DETR、GroundingDINO）和Agentic检测范式简化架构、降低标注依赖；扩散模型在医学影像分割中爆发（170+篇论文），CNN以U-Net骨干形式参与噪声预测；小目标检测通过多尺度特征融合+注意力机制取得显著提升。CNN在边缘部署场景仍占据最佳性价比。\n\n## 3. 证据与数据\n\n### 架构与注意力（任务1、2）\n- ConvNeXt-T（29M参数）在ImageNet上达82.1%，吞吐量比相同FLOPs的Swin Transformer高40-50%（任务1）。\n- RepVGG实现训练时多分支、推理时单路径，ImageNet Top-1达80%+，推理速度超过同量级ResNet（任务1）。\n- ConMatFormer在糖尿病足溃疡分类中达到4折交叉验证准确率0.9755（任务2）。\n- MangoLeafCMDF-FAMNet在三个芒果叶病数据集上分别达0.9978、0.9988、0.9943准确率（任务2）。\n- NVIDIA的CSA（Convolutional Self-Attention）以纯卷积操作模拟全局感受野，在GPU/TensorRT上达到最快延迟（任务2）。\n- CHARMS（1.9M参数、~30 GFLOPs）在MRI超分辨率上超越同期SOTA（任务2）。\n\n### 训练与压缩（任务3）\n- FP32→INT8量化稳定压缩模型约75%，在原生低精度硬件上获得最大加速。\n- 非结构化剪枝在标准CPU/GPU上几乎无延迟收益（需稀疏硬件支持）；结构化剪枝可直接降低层尺寸获得加速。\n- Prune-Quantize-Distill三阶段流水线被arXiv:2604.04988实证为最优顺序：剪枝先减少参数，量化主导延迟加速，蒸馏恢复精度。\n\n### 应用成果（任务4）\n- Ultralytics 2025报告指出Anchor-Free方法已成为前沿目标检测主流，YOLOv8/v11已内建该机制。\n- Diffusion Models in Medical Imaging仓库（2.1k Star）收录170+论文，覆盖病灶分割、器官分割、异常检测。\n- MDPI综述《Advancements in Small-Object Detection (2023–2025)》总结30+篇论文，通过自适应特征金字塔、注意力反卷积等，小目标mAP显著提升。\n\n### 理论进展（任务5）\n- 核转置方法在CIFAR-10/100上测试5种架构：小核（k=3）参数减少>88%、FLOPs减少>84%，精度仅降<4%；大核（k=7,11,19）在ConvNext上精度持平且参数压缩≥78%（任务5）。\n- Bordelon等（ICLR 2025 Spotlight）构建可解缩放模型：特征学习使困难任务缩放指数从-0.5提升至-1.0（任务5）。\n- 信息瓶颈理论（Alemi播客，2025）指出压缩程度决定有效容量上限，深度/宽度/核大小需与数据量匹配（任务5）。\n\n## 4. 风险与挑战\n\n- **训练技巧信息缺口**：任务3中关于数据增强（MixUp、CutMix、AutoAugment）、学习率策略（余弦退火、Warmup-Stable-Decay）、归一化层（RMSNorm、FlashNorm）的最新进展未覆盖，需补充检索。\n- **大核卷积的硬件适配**：深度可分离大核（7×7及以上）虽在理论感受野上有利，但对内存布局敏感，需配合channel last数据排布及算子融合；极端大核（31×31）仍需专用加速库（任务1）。\n- **特征学习缩放定律的通用性**：当前理论证据主要来自MLP和简单CNN（CIFAR-10），在更复杂数据集和大规模模型上的验证尚需进一步实证（任务5）。\n- **Agentic检测的工业化成熟度**：基于推理代理的文本驱动检测（Andrew Ng提出）虽具零样本潜力，但尚未达到生产级精度，对大规模标注数据的依赖仍未根本消除（任务4）。\n- **混合模型参数膨胀风险**：部分CNN-Transformer混合体（如ViT-CNN组合）参数量可达300M+，轻量化方案（如CHARMS）虽有突破，但仍在探索阶段（任务2）。\n\n## 5. 参考来源\n\n**任务1：基础架构演进**\n- ConvNeXt Backbone: Modernizing CNNs : https://www.emergentmind.com/topics/convnext-backbone\n- RepVGG: Making VGG-style ConvNets Great Again (Semantic Scholar) : https://www.semanticscholar.org/paper/RepVGG%3A-Making-VGG-style-ConvNets-Great-Again-Ding-Zhang/2b8088253e2378fce001a090fe923b81e8dedf25\n- [PDF] RepVGG (ResearchGate) : https://www.researchgate.net/publication/355867226_RepVGG_Making_VGG-style_ConvNets_Great_Again\n- 43. ConvNeXt - by Massimiliano Viola : https://mlhonk.substack.com/p/43-convnext\n- State-Of-The-Art CNN Networks (Reddit) : https://www.reddit.com/r/computervision/comments/1cg10zt/stateoftheart_cnn_networks/\n\n**任务2：注意力与融合**\n- CHARMS (PMC) : https://pmc.ncbi.nlm.nih.gov/articles/PMC12845672/\n- MangoLeafCMDF-FAMNet (Frontiers) : https://www.frontiersin.org/journals/plant-science/articles/10.3389/fpls.2025.1638520/full\n- ConMatFormer (arXiv) : https://arxiv.org/html/2510.22743v1\n- SE and CBAM Attention (YouTube) : https://www.youtube.com/watch?v=cw38aJuQBHM\n- CSA (NVIDIA Technical Blog) : https://developer.nvidia.com/blog/emulating-the-attention-mechanism-in-transformer-models-with-a-fully-convolutional-network/\n\n**任务3：训练与优化**\n- Efficient Inference at the Edge (Uplatz) : https://uplatz.com/blog/efficient-inference-at-the-edge-a-comprehensive-analysis-of-quantization-pruning-and-knowledge-distillation-for-on-device-machine-learning/\n- Pruning and Quantization (Medium) : https://medium.com/@matmozaur/neural-network-compression-techniques-part-1-pruning-and-quantization-d10f5654988c\n- Prune-Quantize-Distill (arXiv) : https://arxiv.org/html/2604.04988v1\n- ML Systems Textbook : https://mlsysbook.ai/book/contents/core/optimizations/optimizations.html\n- AI Optimization Lecture 3 (YouTube) : https://www.youtube.com/watch?v=Krcp51UQjbI\n\n**任务4：应用前沿**\n- Top 34 Computer Vision Models For 2026 (Analytics Vidhya) : https://www.analyticsvidhya.com/blog/2025/03/computer-vision-models/\n- Best Object Detection Models 2026 (Ultralytics) : https://www.ultralytics.com/blog/the-best-object-detection-models-of-2025\n- The 2025 Guide to Object Detection & Segmentation (Medium) : https://medium.com/@umar.sadique/the-2025-guide-to-object-detection-segmentation-d1855133387d\n- Awesome-Diffusion-Models-in-Medical-Imaging (GitHub) : https://github.com/amirhossein-kz/Awesome-Diffusion-Models-in-Medical-Imaging\n- Advancements in Small-Object Detection (MDPI) : https://www.mdpi.com/2076-3417/15/22/11882\n\n**任务5：理论分析**\n- The Information Bottleneck and Scaling Laws (播客) : https://www.the-information-bottleneck.com/ep15-the-information-bottleneck-and-scaling-laws-with-alex-alemi/\n- Information Bottleneck Theory on CNN (arXiv) : https://arxiv.org/abs/1911.03722\n- How Feature Learning Can Improve Neural Scaling Laws (OpenReview) : https://openreview.net/forum?id=dEypApI1MZ\n- Bordelon et al. J. Stat. Mech. 2025 (PDF) : https://pehlevan.seas.harvard.edu/sites/g/files/omnuum6471/files/2025-08/Bordelon_etal_JStatMech_2025.pdf\n- Kernel Transposition (Springer) : https://link.springer.com/article/10.1186/s43067-025-00287-w', todo_items=[TodoItem(id=1, title='基础架构演进', intent='梳理2024-2026年间CNN骨干网络的设计创新，如ConvNeXt、RepVGG、ReplK等新模块或结构，理解架构演进趋势。', query='convolutional neural network backbone architecture 2024 2025 2026 ConvNeXt RepVGG ReplK', status='completed', summary='任务总结\n\n1. **结构重参数化：训练时多分支、推理时单一路径的极致范式**  \n   RepVGG 提出了一种“训练时利用多分支拓扑（3×3卷积、1×1卷积、恒等分支）提升表示能力，推理时通过结构重参数化合并为单一3×3卷积+ReLU”的设计。  \n   - **原理**：利用代数等价变换，将训练时的各分支权重线性融合到主卷积核中，得到与VGG完全相同结构的推理图，兼具多分支的高精度与单路径的低延迟。  \n   - **价值**：在2021年即实现ImageNet Top-1 80%+（RepVGG-B3），推理速度超过当时同量级ResNet/ResNeXt；此后该思想被广泛继承至YOLOv6、MobileNetV3变体等工业部署方案中。  \n   - **工程实践**：无需特殊推理库，标准3×3卷积可被CUDA/TensorRT深度优化，显存占用低，适合边缘及实时场景。\n\n2. **ConvNeXt：用Transformer的思想现代化CNN，重现卷积架构的竞争力**  \n   ConvNeXt 以ResNet-50为起点，通过一系列“冒泡排序”式的渐进改造，证明纯卷积架构经过恰当的现代化设计完全可以匹敌2022年的Swin Transformer。  \n   - **关键改造步骤及收益**：  \n     1. **训练策略升级**（AdamW、3倍epoch、MixUp/CutMix、余弦退火）：ResNet-50的ImageNet Top-1从76.1%跃升至78.8%，仅靠训练配方提升2.7个百分点。  \n     2. **Macro设计**：Patchify stem（4×4非重叠卷积代替7×7+池化）、stage比例由(3,4,6,3)改为(3,3,9,3)，效果提升至79.5%。  \n     3. **Micro设计**：深度可分离卷积+反瓶颈（隐藏维度4×输入通道）、卷积核增大至7×7、GELU替代ReLU、LayerNorm替代BN、去除不必要的激活和归一化层。  \n   - **性能表现**：ConvNeXt-T (29M参) 在ImageNet上达82.1%，且硬件吞吐量比相等FLOPs的Swin Transformer高40-50%，因为纯卷积无需自注意力的高内存/计算开销。  \n   - **拓展角度**：模型越大提升越显著，ConvNeXt-XL（350M参）经ImageNet-22K预训练后Top-1达87.8%，在COCO检测、ADE20K分割上均超越Swin，证明卷积的规模性良好。\n\n3. **大核卷积与深层可分离化：2024-2026年的持续演进方向**  \n   虽上下文未直接给出ReplK的2024年后数据，但结合ConvNeXt对7×7核的验证以及RepLKNet（早期大核CNN）的惯性，可推断：  \n   - **趋势**：扁平化的深度可分离结构逐渐成为主流（如ConvNeXt的深度卷积+1×1点卷积），大核（7×7及以上）通过分组/深度分离保持效率，提供更大感受野以替代Transformers的自注意力。  \n   - **原理支撑**：深度卷积在空间上独立处理每个通道，计算复杂度为O(K²·C·H·W)，相比标准卷积（O(K²·C²·H·W)）大幅降低，使得大核可行。  \n   - **潜在局限**：深度卷积对硬件内存布局敏感，需配合“channel last”数据排布及算子融合才能发挥速度优势；且极端大核（如31×31）仍需专用加速库。\n\n4. **从“细粒度模块创新”到“系统级训练-架构协同优化”的范式转变**  \n   对比ResNet时代（2016）仅关注残差连接，2024-2026的CNN设计已进入“全栈现代化”阶段：  \n   - **历史演变**：VGG→ResNet→ResNeXt→ConvNeXt→RepVGG/RepLKNet，模块层面从单一堆叠到残差、分组卷积、深度可分离、结构重参数化；宏观层面从手工调参到系统化地融合AdamW、强增广、更多epoch等训练技巧。  \n   - **优缺点**：优点——性能天花板被不断抬高，低延迟部署可行；缺点——训练成本上升（如3倍epoch），部分设计（如GELU+LayerNorm）在特定硬件上可能不如ReLU+BN高效。  \n   - **工程实践建议**：对于资源受限场景，可优先采用RepVGG式重参数化方案；若需最高精度且硬件支持，ConvNeXt-XL或其后续变体（如ConvNeXt V2）仍是最强纯CNN选项。\n\n5. **CNN与Transformer的边界逐渐模糊：混合型架构或为终局**  \n   ConvNeXt 的成功本质上是将Transformer的宏观设计（patchify、反瓶颈、LN、GELU）与卷积的局部平移等变性结合；RepVGG则展示了“多分支训练→单分支推理”的灵活性，该思想也被Transformer模型（如MobileViTv2）借鉴。  \n   - **对比结论**：在2024-2026年，纯CNN（如ConvNeXt变体）和纯ViT（如Swin v2）的差距已缩小至1%以内，但CNN在推理延迟和可解释性上仍保有优势。  \n   - **未来预测**：更多的模型将采用“卷积-注意力混合”或“动态卷积（如CondConv/DFT-based）”，其中结构重参数化也会被用于融合自注意力模块，以实现训练时灵活、推理时高效的黄金平衡。\n\n> **注**：由于任务范围要求2024-2026年，而所给材料集中于ConvNeXt（2022）和RepVGG（2021），上述第3、5条关键发现在结合业内已知趋势（如RepLKNet、ConvNeXt V2）的基础上进行了合理推断，更精确的2025-2026年创新（如ReplK的具体变体、通用大核主干）需额外检索最新文献补充。', sources_summary='* ConvNeXt Backbone: Modernizing CNNs : https://www.emergentmind.com/topics/convnext-backbone\n* [PDF] RepVGG: Making VGG-style ConvNets Great Again | Semantic Scholar : https://www.semanticscholar.org/paper/RepVGG%3A-Making-VGG-style-ConvNets-Great-Again-Ding-Zhang/2b8088253e2378fce001a090fe923b81e8dedf25\n* RepVGG: Making VGG-style ConvNets Great Again | Request PDF : https://www.researchgate.net/publication/355867226_RepVGG_Making_VGG-style_ConvNets_Great_Again\n* 43. ConvNeXt - by Massimiliano Viola : https://mlhonk.substack.com/p/43-convnext\n* State-Of-The-Art CNN Networks : r/computervision - Reddit : https://www.reddit.com/r/computervision/comments/1cg10zt/stateoftheart_cnn_networks/', notices=[], note_id='note_20260428_142640_145', note_path='notes\\note_20260428_142640_145.md', stream_token=None, error_detail=None), TodoItem(id=2, title='注意力与融合', intent='探索注意力机制、Transformer与CNN结合的最新方法（如CBAM、SE-Net、ViT-CNN混合模型），分析如何提升表示能力。', query='CNN attention mechanism transformer hybrid 2025 2026 CBAM SE-Net ConvNeXt', status='completed', summary="# 任务总结\n\n1. **注意力机制与CNN融合的历史演变与核心原理**  \n   从 SE-Net（通道注意力重标定）到 CBAM（空间+通道双重注意力），再到 ConvNeXt（纯卷积但借鉴Transformer宏观设计），注意力与CNN的融合经历了从“轻量化模块嵌入”到“设计范式统一”的演变。**核心原理**：通过门控或权重分配机制动态增强信息特征、抑制噪声，既保留了CNN的局部平移等变性，又能捕获全局依赖。SE-Net在通道维度引入Squeeze-and-Excitation（压缩-激励）操作，CBAM进一步加入空间注意力；ConvNeXt则表明只需优化卷积架构即可接近Transformer性能。**价值**：为混合模型提供了模块化、可插拔的基础组件。\n\n2. **CNN-Transformer混合模型在医学与农业领域的突破性表现**  \n   - **ConMatFormer**（2025）：融合ConvNeXt块、CBAM、DANet和Transformer模块，在糖尿病足溃疡分类任务上达到 **4折交叉验证准确率0.9755**（标准差仅0.0031），单次实验准确率0.8961、精确率0.9160，显著超越Swin-T、MaxVit-T等纯Transformer模型。同时利用Grad-CAM、LIME等XAI方法增强可解释性。  \n   - **MangoLeafCMDF-FAMNet**（2025）：结合ConvNeXt与Vision Transformer作为双特征提取器，引入SE-inspired的通道特征注意力模块（FAM），在芒果叶病三数据集上分别达到 **0.9978、0.9988、0.9943** 的分类准确率，MCC和Cohen's Kappa均极高。  \n   **价值**：证明混合架构在数据稀缺、类别不平衡的现实场景中，既能利用卷积捕获细粒度局部纹理，又能通过Transformer建模全局语义，实现鲁棒且可解释的诊断。\n\n3. **全卷积注意力（CSA）：打破Transformer计算瓶颈的工程实践**  \n   NVIDIA提出的Convolutional Self-Attention（CSA）完全用卷积操作替代传统自注意力，在GPU/TensorRT上实现 **最快延迟且精度与Transformer相当**。其核心思想是通过堆叠不同扩张率的卷积和深度可分离卷积，模拟全局感受野，同时保持卷积硬件优化的高效性。**优缺点**：消除了自注意力O(n²)的计算复杂度，兼容受限模式的TensorRT；但需要精细设计卷积核配置来覆盖长距离依赖。**工程价值**：为汽车、边缘计算等对延迟敏感的工业场景提供了Transformer功能落地路径。\n\n4. **轻量级混合模型CHARMS：参数效率与性能的平衡**  \n   CHARMS（2026）是一个仅 **1.9M参数、~30 GFLOPs** 的CNN-Transformer混合模型，用于MRI超分辨率，引入注意力正则化（Attention Regularization）促进局部-全局特征协作，性能超越同期SOTA模型。**对比意义**：传统混合模型往往参数庞大（如ViT-Large达300M+），CHARMS证明通过精巧设计，极小参数量也可融合两种架构优势，对资源受限的医学影像设备具有直接应用价值。\n\n5. **注意力提升表示能力的核心机制与未来方向**  \n   - **动态特征重标定**：SE-Net的通道注意力、CBAM的空间注意力均允许网络根据输入内容自适应调整特征权重，提升判别性。  \n   - **全局上下文建模**：Transformer的自注意力可捕获任意距离的像素关系，弥补CNN固定感受野缺陷；混合模型通过在高层引入注意力或完全替代卷积实现。  \n   - **未来方向**：① 更高效的注意力形式（如线性注意力、频域注意力）；② 自动化架构搜索（NAS）优化混合结构；③ 在视频、多模态任务中推广；④ 结合大语言模型范式，向统一视觉基础模型演进。  \n   **价值**：注意力机制已成为现代视觉网络的“标配”，其与CNN的融合正从“插件式”走向“原生一体式”，推动表示能力持续跃升。", sources_summary='* CHARMS: A CNN-Transformer Hybrid with Attention Regularization for MRI Super-Resolution - PMC : https://pmc.ncbi.nlm.nih.gov/articles/PMC12845672/\n* Frontiers | Attention-enhanced hybrid deep\xa0learning model for robust\xa0mango leaf\xa0disease classification via ConvNeXt and\xa0vision\xa0transformer fusion : https://www.frontiersin.org/journals/plant-science/articles/10.3389/fpls.2025.1638520/full\n* ConMatFormer: A Multi-attention and Transformer Integrated ConvNext based Deep Learning Model for Enhanced Diabetic Foot Ulcer Classification : https://arxiv.org/html/2510.22743v1\n* Boosting CNNs with SE and CBAM Attention : https://www.youtube.com/watch?v=cw38aJuQBHM\n* Emulating the Attention Mechanism in Transformer Models with a Fully Convolutional Network | NVIDIA Technical Blog : https://developer.nvidia.com/blog/emulating-the-attention-mechanism-in-transformer-models-with-a-fully-convolutional-network/', notices=[], note_id='note_20260428_142640_146', note_path='notes\\note_20260428_142640_146.md', stream_token=None, error_detail=None), TodoItem(id=3, title='训练与优化', intent='收集最新的训练技巧（数据增强、学习率策略、归一化层）和模型压缩技术（剪枝、量化、知识蒸馏），了解实用优化手段。', query='CNN training tricks optimization pruning quantization knowledge distillation 2025 2026', status='completed', summary='## 任务总结\n\n基于当前获取的上下文（主要聚焦于模型压缩技术的最新进展），结合任务目标“收集最新的训练技巧和模型压缩技术”，梳理出以下关键发现：\n\n### 1. 量化（Quantization）是最稳定、最直接的加速与压缩手段\n- **含义**：将模型权重和激活值从 32 位浮点数（FP32）映射到 8 位整数（INT8）甚至更低比特位，分为训练后量化（PTQ）和量化感知训练（QAT）。QAT 通过在训练中模拟量化误差，能更好地保持精度。\n- **价值与事实**：FP32→INT8 可稳定将模型大小减少约 75%，且在原生支持低精度整数运算的硬件（如 NPU、现代 GPU）上获得最大的推理加速。**量化是当前模型部署到边缘设备的第一选择**，其加速效果具有确定性和硬件可预期性。\n\n### 2. 剪枝（Pruning）的加速效果高度依赖结构类型与底层硬件\n- **含义**：剪枝分为非结构化剪枝（移除单个权重，产生稀疏矩阵）和结构化剪枝（移除整个滤波器、通道或注意力头，产生更小的稠密模型）。\n- **价值与事实**：\n  - 非结构化剪枝可实现极高的参数缩减（理论上可达 90%+），但**在标准 CPU/GPU 上几乎无法获得延迟收益**——稀疏矩阵的随机内存访问和专用内核开销反而可能使推理变慢。它需要特殊硬件或稀疏库（如 NVIDIA 稀疏张量核心）才能发挥加速作用。\n  - 结构化剪枝直接减少网络层尺寸，**在常规硬件上即可获得与剪枝率成正比的延迟下降**，但由于删除的是完整结构，精度损失通常更大，需要配合重训练或蒸馏恢复。\n  - **工程启示**：若目标硬件无稀疏加速支持，优先采用结构化剪枝；若对模型体积有极致压缩要求且硬件支持稀疏计算，可考虑非结构化剪枝。\n\n### 3. 知识蒸馏（Knowledge Distillation）通过“暗知识”传递实现学生模型性能跃升\n- **含义**：训练一个较小的“学生”模型模仿大“教师”模型的软化概率分布，从而捕捉教师模型学到的泛化规律（暗知识）。\n- **价值与事实**：蒸馏的压缩率和加速效果**完全取决于学生模型的架构设计**。一个精心设计的、参数远少于教师的学生模型，可以达到接近甚至超过全监督训练教师模型的精度。该方法不改变模型本身的推理操作，因此速度提升来自学生模型本身的轻量化。\n\n### 4. 最优压缩流水线：先剪枝 → 再量化 → 最终蒸馏（Prune-Quantize-Distill）\n- **含义**：最新实证研究（arXiv: 2604.04988）提出了一个固定三阶段顺序的流水线：① 全局非结构化剪枝（减少参数数量）；② INT8 量化感知训练（将浮点表示压缩为低精度整数）；③ 知识蒸馏（使用原始大模型或未压缩模型作为教师，恢复精度）。\n- **价值与事实**：该顺序综合利用了各技术的互补优势：\n  - 剪枝先减少参数量，避免后续量化时对无效参数的冗余计算；\n  - 量化是**延迟加速的主导贡献者**（尤其是在 CPU 上），而非结构化剪枝对延迟影响很小甚至为负；\n  - 最后通过蒸馏弥补剪枝+量化带来的精度损失。\n  - **实践要点**：如果仅从加速角度出发，优先实施量化；若需进一步压缩体积，再结合结构化剪枝和蒸馏。\n\n### 5. 训练技巧（数据增强、学习率策略、归一化层）的演进——当前信息中暂未覆盖\n- **含义**：任务目标包括收集最新的训练技巧，但在本次获取的上下文中仅有模型压缩技术的详细讨论，未涉及数据增强（如 MixUp、CutMix、RandAugment）、学习率策略（如余弦退火、OneCycleLR、Warmup + Cosine Decay）和归一化层（如 LayerNorm、GroupNorm、RMSNorm 等）的最新进展。\n- **价值与事实**：这一缺口意味着需要补充专门的搜索来完善训练技巧部分。已知前沿趋势包括：\n  - 数据增强：强化学习自动搜索增强策略（AutoAugment、TrivialAugment），以及基于扩散模型的生成式增强。\n  - 学习率策略：基于梯度信号的自适应调度（如 DoG、Prodigy）以及对大模型更友好的 Warmup-Stable-Decay 策略。\n  - 归一化层：在视觉 Transformer 和 LLM 中，LayerNorm 被 RMSNorm/FlashNorm 取代以提升训练速度与稳定性。\n\n> **总结**：当前任务关于模型压缩（量化、剪枝、蒸馏）的结论已较为充实，量化是最高效的延迟加速手段，结构化剪枝更适合标准硬件，而 Prune-Quantize-Distill 三阶段流水线被证明是实际部署中精度-效率权衡的最优顺序。训练技巧方面仍有信息缺失，建议后续补充检索。', sources_summary='* Efficient Inference at the Edge: A Comprehensive Analysis of Quantization, Pruning, and Knowledge Distillation for On-Device Machine Learning | Uplatz Blog : https://uplatz.com/blog/efficient-inference-at-the-edge-a-comprehensive-analysis-of-quantization-pruning-and-knowledge-distillation-for-on-device-machine-learning/\n* Neural Network Compression Techniques: Part 1 — Pruning and ... : https://medium.com/@matmozaur/neural-network-compression-techniques-part-1-pruning-and-quantization-d10f5654988c\n* Prune-Quantize-Distill: An Ordered Pipeline for Efficient Neural Network Compression : https://arxiv.org/html/2604.04988v1\n* ML Systems Textbook : https://mlsysbook.ai/book/contents/core/optimizations/optimizations.html\n* AI Optimization Lecture 3: Distillation, Pruning, and Quantization : https://www.youtube.com/watch?v=Krcp51UQjbI', notices=[], note_id='note_20260428_142640_147', note_path='notes\\note_20260428_142640_147.md', stream_token=None, error_detail=None), TodoItem(id=4, title='应用前沿', intent='调研CNN在目标检测、语义分割、图像生成等核心视觉任务中的最新应用成果，把握领域落地创新。', query='CNN object detection image segmentation GAN diffusion 2025 2026 application', status='completed', summary='# 任务总结\n\n基于对多个前沿信源（Analytics Vidhya、Ultralytics、Medium、GitHub、MDPI）的综合分析，围绕CNN在目标检测、语义分割、图像生成等核心视觉任务中的最新应用成果，提炼出以下关键发现：\n\n---\n\n### 关键发现\n\n#### 1. **目标检测进入“后CNN+Transformer混合架构”时代，Anchor-Free与Agentic范式成为主流**\n   - **含义与价值**：传统的两阶段检测器（如Faster R-CNN）与单阶段检测器（如YOLO系列）仍在演进，但2025-2026年的核心趋势是**抛弃预定义锚框（Anchor-Free）**，直接从特征图预测物体位置与尺寸，显著简化架构、降低计算开销并提升对异形物体的检测能力。同时，Andrew Ng提出的**Agentic Object Detection**（基于推理代理的文本驱动检测）标志着从“数据密集标注”向“零样本/少样本推理”的范式迁移，虽然尚处早期，但已展示出突破性潜力。\n   - **事实数据**：Ultralytics 2025博文明确指出，前沿模型正在探索Anchor-Free方法；YOLOv8/v11等已内建Anchor-Free机制。DETR（Transformer-based）和GroundingDINO（视觉-语言联合模型）进一步跳过了非极大值抑制（NMS），实现端到端简洁推理。\n\n#### 2. **语义分割：扩散模型渗透医学影像分割，Unet/DeepLabv3等经典CNN架构仍为基线但正被扩散增强**\n   - **含义与价值**：在语义分割领域，CNN架构（U-Net、DeepLabv3、Mask R-CNN）依然是工业落地的基石。但2023-2025年最显著的革新来自**扩散模型在医学影像分割中的爆发式应用**（如Awesome-Diffusion-Models-in-Medical-Imaging仓库收录的170+论文），覆盖病灶分割、器官分割、异常检测、图像重建等方向。扩散模型通过逐步去噪生成分割掩码，在低数据、强噪声场景下展现出超越传统CNN的鲁棒性。\n   - **事实数据**：GitHub仓库“amirhossein-kz/Awesome-Diffusion-Models-in-Medical-Imaging”已获超2.1k Star，系统梳理了扩散模型在医学影像分割、生成、重建等子任务上的论文，表明该方向已成为医学影像AI的学术热点。Analytics Vidhya的34大CV模型综述中仍将U-Net、Mask R-CNN列为必须掌握的核心架构。\n\n#### 3. **图像生成：GAN与扩散模型双轨并行，CNN作为特征提取骨干融入扩散框架**\n   - **含义与价值**：图像生成领域，GAN（StyleGAN、Pix2Pix、DCGAN等）在条件生成和可控性上持续优化，而扩散模型（DDPM、Imagen、Stable Diffusion等）凭借高质量、多样性和稳定性成为2024-2026年的主旋律。值得注意的是，CNN并未被边缘化——**扩散模型中的U-Net骨干（用于噪声预测）本质上是深度卷积网络**；此外，条件扩散模型常借助CLIP（Vision-Language CNN）实现文本到图像的语义映射。CNN+Transformer混搭结构（如ViT + CNN特征金字塔）正重塑生成模型的底层设计。\n   - **事实数据**：Analytics Vidhya文章将StyleGAN、Pix2Pix、DCGAN、ProGAN、Diffusion Models（DDPM、Imagen）并列，并指出“Transformer已渗透进视觉生成”。Ultralytics博文也提到，Vision Transformers（ViT）和SAM2等架构开始与CNN互补。\n\n#### 4. **小目标检测（2023-2025）取得突破性进展：CNN多尺度特征融合与注意力机制结合**\n   - **含义与价值**：小目标检测长期是CNN的硬伤。MDPI综述《Advancements in Small-Object Detection (2023–2025)》系统总结了最新方法：通过**自适应特征金字塔（AFP）、注意力机制反卷积、超分辨率辅助**等，CNN在小目标上的mAP显著提升。实践指导包括：选择更小锚框尺寸、利用更浅层特征、数据增强（Mosaic、Copy-Paste）、以及专用数据集（如VisDrone、AI-TOD）。\n   - **事实数据**：该综述覆盖2023-2025年间的30+篇论文、10+个开源数据集，并给出了具体部署建议（如YOLOv8-tiny在边缘设备上的小目标优化）。这表明CNN在特定难点任务上仍有不可替代的工程优势。\n\n#### 5. **实际部署中的关键权衡：精度、速度、硬件约束与数据需求形成“四角选择框架”**\n   - **含义与价值**：Ultralytics和MDPI综述共同强调，最佳模型选择取决于**用例场景**（自动驾驶需实时+高召回，工业质检需高精度+低误检）、**数据设置**（标注量、类别数、小物体密度）、**性能需求**（FPS、mAP）、**硬件约束**（GPU显存、边缘算力）。CNN模型（如YOLO系列、SSD）在边缘部署上仍占主导，而Transformer/DETR模型适合云端且需要更大计算资源。\n   - **事实数据**：Ultralytics列出2025年最佳目标检测模型包括：YOLOv11、DETR、GroundingDINO、RT-DETR；并指出“anchor-free简化架构”是部署友好化的重要趋势。Agentic检测虽然灵活但尚未工业化，传统CNN仍需在大规模标注数据上训练才能达到生产级精度。\n\n---\n\n### 整体结论\n\nCNN在2025-2026年并未被新技术取代，而是以“骨干特征提取器”角色深度融入Transformer、扩散模型、Agentic框架等前沿范式。目标检测向Anchor-Free + 端到端（DETR）演进；语义分割被扩散模型增强但CNN U-Net仍是实际部署主力；图像生成中CNN作为扩散噪声预测器与CLIP编码器持续发光。小目标检测通过多尺度融合+注意力机制取得突破。工程落地需在精度-速度-硬件-数据四维间动态权衡，CNN范式在边缘场景仍占据最佳性价比。', sources_summary='* Top 34 Computer Vision Models For 2026 : https://www.analyticsvidhya.com/blog/2025/03/computer-vision-models/\n* Best Object Detection Models 2026: YOLO, DETR & More : https://www.ultralytics.com/blog/the-best-object-detection-models-of-2025\n* The 2025 Guide to Object Detection & Segmentation - Medium : https://medium.com/@umar.sadique/the-2025-guide-to-object-detection-segmentation-d1855133387d\n* amirhossein-kz/Awesome-Diffusion-Models-in-Medical-Imaging : https://github.com/amirhossein-kz/Awesome-Diffusion-Models-in-Medical-Imaging\n* Advancements in Small-Object Detection (2023–2025) - MDPI : https://www.mdpi.com/2076-3417/15/22/11882', notices=[], note_id='note_20260428_142640_148', note_path='notes\\note_20260428_142640_148.md', stream_token=None, error_detail=None), TodoItem(id=5, title='理论分析', intent='梳理关于CNN深度、宽度、核大小等超参数影响的新理论解释与实验证据，理解性能瓶颈与可扩展性规律。', query='CNN theory depth width kernel size scaling law information bottleneck 2025 2026', status='completed', summary='## 任务总结\n\n基于对多篇2024–2025年最新文献（包括ICLR 2025 Spotlight论文、信息瓶颈播客讨论、核转置参数缩减方法等）的系统分析，以下梳理出4条关键发现，涵盖了CNN超参数（深度、宽度、核大小）影响的新理论解释、实验证据及可扩展性规律。\n\n---\n\n### 🔑 关键发现一：核大小与参数缩减策略呈非线性交互，资源受限场景有明确收益\n\n- **原理**：2025年提出的**核转置（Kernel Transposition）** 方法将卷积核与其转置在序列或并行模块中重用，从而大幅减少可训练参数和FLOPs，同时保持性能。\n- **实验证据**：在CIFAR-10/100上测试5种架构（基础CNN、ResNet-56、MobileNetV3、EfficientNetB0、ConvNext）及多种核大小（k=3,5,7,11,19）：\n  - 小核（k=3）在基础CNN上参数减少>88%、FLOPs减少>84%，精度仅下降<4%。\n  - 大核（k=7,11,19）在ConvNext、ResNet-56上精度持平甚至更优，同时参数压缩≥78%。\n- **价值**：打破了“减少参数必然大幅牺牲精度”的固有认知，为移动端、IoT等资源受限场景提供了一种低成本、高精度的架构优化方向。\n\n---\n\n### 🔑 关键发现二：特征学习能指数级改善“困难任务”的缩放定律，但“简单任务”无此增益\n\n- **原理**：Bordelon等人（ICLR 2025 Spotlight / J. Stat. Mech. 2025）构建了超越核极限的可解缩放模型。任务按其是否落入初始NTK的RKHS分为三类：\n  - **困难任务**（不落入RKHS）：特征学习可以使性能随计算量（时间、模型大小）的缩放指数**近似翻倍**（例如从-0.5提升至-1.0）。\n  - **容易/超容易任务**（落入RKHS）：特征学习与核回归的缩放指数相同，无增益。\n- **实验验证**：非线性MLP拟合幂律傅里叶谱函数、CNN在MNIST/CIFAR-10图像分类任务上均观察到该现象。\n- **意义**：从理论上解释了为什么在复杂视觉任务中深层CNN（特征学习）远优于固定核方法（如NTK），并给出了**计算最优分配的新策略**：对于困难任务，应分配更多参数和训练时间以利用特征学习的指数优势。\n\n---\n\n### 🔑 关键发现三：信息瓶颈理论为超参数可扩展性提供了“压缩-泛化”解释，并与缩放定律直接挂钩\n\n- **历史**：信息瓶颈（IB）理论在CNN上的经典工作（arXiv:1911.03722）指出训练存在“拟合”和“压缩”两阶段，压缩有助于噪声去除和泛化。\n- **2025年新视角**：Alemi（Anthropic）在播客中明确将IB与神经缩放定律结合，认为：\n  - 压缩程度本质上决定了模型的有效容量上限。\n  - **深度、宽度、核大小**共同影响信息流：过深的网络可能减缓压缩效率，过宽的网络则可能保留冗余信息。\n  - 在大数据时代，压缩仍至关重要——它防止过拟合，确保模型学到数据中“最富信息”的结构。\n- **对比传统观点**：传统只强调“越深越好”或“越大越好”，IB理论则提醒超参数的选择必须匹配数据量；当数据有限时，优先控制核大小（减少参数）比增加深度更合理。\n\n---\n\n### 🔑 关键发现四：任务难度是决定超参数影响本质的根本因素——性能瓶颈源于“任务-模型”鸿沟\n\n- **综合上述发现**：CNN的性能瓶颈并不仅仅取决于深度、宽度或核大小，而更取决于**任务相对于初始特征空间（NTK RKHS）的难度**。\n  - 对于**困难任务**（例如自然图像分类中的精细类别识别）：特征学习是提升效率的关键，增加深度/宽度比固定大核更有效。\n  - 对于**容易任务**（例如MNIST手写数字识别）：核方法或浅层网络已足够，过大的深度/宽度会导致过拟合，此时参数缩减技术（如核转置）非常有益。\n- **工程实践启示**：\n  - 可设计**自适应架构**：根据任务硬度动态调整深度、核大小或是否启用特征学习。\n  - 将参数共享（如核转置）与IB压缩思想结合：在训练后期（压缩阶段）强制参数重用，可同时减少参数量和提升泛化。\n- **历史演变**：从早期手工设计超参数（2012–2017），到NAS自动搜索（2018–2022），再到2025年**基于任务难度的理论指导**——这标志着CNN设计正从经验转向理论驱动的可解释超参数选择。\n\n---\n\n### 📌 总结\n\n| 维度 | 关键突破 | 工程价值 |\n|------|----------|----------|\n| 核大小 | 核转置实现>78%参数压缩，大核下精度无损 | 移动端轻量化方案 |\n| 缩放定律 | 特征学习使困难任务缩放指数翻倍 | 计算最优分配策略 |\n| 信息瓶颈 | 压缩与泛化的统一框架 | 指导深度/宽度/数据量匹配 |\n| 任务难度 | 性能瓶颈本质是“任务-模型”鸿沟 | 自适应架构设计方向 |\n\n这些发现共同描绘了CNN超参数研究的下一阶段蓝图：从静态设计走向**动态、自适应、理论驱动**的架构选择。', sources_summary='* EP15: The Information Bottleneck and Scaling Laws with Alex Alemi : https://www.the-information-bottleneck.com/ep15-the-information-bottleneck-and-scaling-laws-with-alex-alemi/\n* [1911.03722] Information Bottleneck Theory on Convolutional Neural Networks : https://arxiv.org/abs/1911.03722\n* How Feature Learning Can Improve Neural Scaling Laws | OpenReview : https://openreview.net/forum?id=dEypApI1MZ\n* [PDF] How feature learning can improve neural scaling laws : https://pehlevan.seas.harvard.edu/sites/g/files/omnuum6471/files/2025-08/Bordelon_etal_JStatMech_2025.pdf\n* Parameter reduction in convolutional neural networks with kernel transposition | Journal of Electrical Systems and Information Technology | Springer Nature Link : https://link.springer.com/article/10.1186/s43067-025-00287-w', notices=[], note_id='note_20260428_142640_149', note_path='notes\\note_20260428_142640_149.md', stream_token=None, error_detail=None)])
程序结束，当前时间为1777358026.3065333
共用时间为455.55272459983826秒
